libX11.so.6=(handle 661412304 elf-fallback nil)
libxcb.so.1=(handle 661413664 elf-fallback nil)
libcairo.so.2=(handle 661421472 elf-fallback nil)
libfreetype.so.6=(handle nil elf-fallback nil)
libharfbuzz.so.0=(handle 661449952 elf-fallback nil)
libfontconfig.so.1=(handle 661422848 elf-fallback nil)
libgtk-4.so.1=(handle 661475552 elf-fallback nil)
libpangocairo-1.0.so.0=(handle 661481104 elf-fallback nil)
libm.so.6=(handle nil elf-fallback nil)
type-vocabulary=(:uint8 :uint16 :uint32 :uint64 :sint8 :sint16 :sint32 :sint64 :float :double :pointer :void)
direct-dlopen-freetype=(22415069004416 22415066062976)
FT_Init_FreeType=(0 661654032)
FT_Done_FreeType=0
FcInitLoadConfigAndFonts=661515792
xcb_connect=(22412677103996 1 4294967295)
xcb-display=":109"
double-cos=1.0
double-hypot=5.0
hb-version="10.2.0"
cairo-version=11804
gtk-major-version=4
integer-abs=7
sint32-return-minus1=4294967295
float-refused=(nl-ffi-dlsym-float-unsupported "cosf" "cosf" :float return)
struct-refused=(nl-ffi-unknown-type "xcb_get_input_focus" :struct)
double-position5-refused=(nl-ffi-dlsym-float-unsupported "nonexistent_g1" "nonexistent_g1" :double 5)
XCreateSimpleWindow-9args-refused=(nl-ffi-too-many-arguments "XCreateSimpleWindow" "XCreateSimpleWindow" 9 6)
FFI-DONE
t
